Component: ARM Compiler 6.16 Tool: armlink [5dfeaa00]

==============================================================================

Section Cross References

    blinky.o(.text.main) refers to led_mcb1700.o(.text.LED_Initialize) for LED_Initialize
    blinky.o(.text.main) refers to adc_mcb1700.o(.text.ADC_Initialize) for ADC_Initialize
    blinky.o(.text.main) refers to joystick_mcb1700.o(.text.Joystick_Initialize) for Joystick_Initialize
    blinky.o(.text.main) refers to system_lpc17xx.o(.text.SystemCoreClockUpdate) for SystemCoreClockUpdate
    blinky.o(.text.main) refers to system_lpc17xx.o(.data.SystemCoreClock) for SystemCoreClock
    blinky.o(.text.main) refers to blinky.o(.text.SysTick_Config) for SysTick_Config
    blinky.o(.text.main) refers to joystick_mcb1700.o(.text.Joystick_GetState) for Joystick_GetState
    blinky.o(.text.main) refers to printf1.o(i.__0printf$1) for __2printf
    blinky.o(.text.main) refers to blinky.o(.rodata.str1.1) for .Lstr.37
    blinky.o(.text.main) refers to blinky.o(.rodata..Lswitch.table.main) for .Lswitch.table.main
    blinky.o(.text.main) refers to puts.o(i.puts) for puts
    blinky.o(.ARM.exidx.text.main) refers to blinky.o(.text.main) for [Anonymous Symbol]
    blinky.o(.text.SysTick_Config) refers to blinky.o(.text.__NVIC_SetPriority) for __NVIC_SetPriority
    blinky.o(.ARM.exidx.text.SysTick_Config) refers to blinky.o(.text.SysTick_Config) for [Anonymous Symbol]
    blinky.o(.ARM.exidx.text.__NVIC_SetPriority) refers to blinky.o(.text.__NVIC_SetPriority) for [Anonymous Symbol]
    blinky.o(.rodata..Lswitch.table.main) refers to blinky.o(.rodata.str1.1) for [Anonymous Symbol]
    irq.o(.text.SysTick_Handler) refers to irq.o(.bss.SysTick_Handler.ticks) for SysTick_Handler.ticks
    irq.o(.text.SysTick_Handler) refers to irq.o(.bss.clock_1s) for clock_1s
    irq.o(.text.SysTick_Handler) refers to irq.o(.bss.SysTick_Handler.timetick) for SysTick_Handler.timetick
    irq.o(.text.SysTick_Handler) refers to blinky.o(.bss.ADC_last) for ADC_last
    irq.o(.text.SysTick_Handler) refers to irq.o(.data.SysTick_Handler.leds) for SysTick_Handler.leds
    irq.o(.text.SysTick_Handler) refers to led_mcb1700.o(.text.LED_SetOut) for LED_SetOut
    irq.o(.text.SysTick_Handler) refers to led_mcb1700.o(.text.LED_GetCount) for LED_GetCount
    irq.o(.text.SysTick_Handler) refers to adc_mcb1700.o(.text.ADC_StartConversion) for ADC_StartConversion
    irq.o(.ARM.exidx.text.SysTick_Handler) refers to irq.o(.text.SysTick_Handler) for [Anonymous Symbol]
    adc_mcb1700.o(.text.ADC_Initialize) refers to pin_lpc17xx.o(.text.PIN_Configure) for PIN_Configure
    adc_mcb1700.o(.text.ADC_Initialize) refers to adc_mcb1700.o(.text.__NVIC_EnableIRQ) for __NVIC_EnableIRQ
    adc_mcb1700.o(.ARM.exidx.text.ADC_Initialize) refers to adc_mcb1700.o(.text.ADC_Initialize) for [Anonymous Symbol]
    adc_mcb1700.o(.ARM.exidx.text.__NVIC_EnableIRQ) refers to adc_mcb1700.o(.text.__NVIC_EnableIRQ) for [Anonymous Symbol]
    adc_mcb1700.o(.text.ADC_Uninitialize) refers to adc_mcb1700.o(.text.__NVIC_DisableIRQ) for __NVIC_DisableIRQ
    adc_mcb1700.o(.text.ADC_Uninitialize) refers to pin_lpc17xx.o(.text.PIN_Configure) for PIN_Configure
    adc_mcb1700.o(.ARM.exidx.text.ADC_Uninitialize) refers to adc_mcb1700.o(.text.ADC_Uninitialize) for [Anonymous Symbol]
    adc_mcb1700.o(.ARM.exidx.text.__NVIC_DisableIRQ) refers to adc_mcb1700.o(.text.__NVIC_DisableIRQ) for [Anonymous Symbol]
    adc_mcb1700.o(.ARM.exidx.text.ADC_StartConversion) refers to adc_mcb1700.o(.text.ADC_StartConversion) for [Anonymous Symbol]
    adc_mcb1700.o(.text.ADC_ConversionDone) refers to adc_mcb1700.o(.bss.AD_done) for AD_done
    adc_mcb1700.o(.ARM.exidx.text.ADC_ConversionDone) refers to adc_mcb1700.o(.text.ADC_ConversionDone) for [Anonymous Symbol]
    adc_mcb1700.o(.text.ADC_GetValue) refers to adc_mcb1700.o(.bss.AD_done) for AD_done
    adc_mcb1700.o(.text.ADC_GetValue) refers to adc_mcb1700.o(.bss.AD_last) for AD_last
    adc_mcb1700.o(.ARM.exidx.text.ADC_GetValue) refers to adc_mcb1700.o(.text.ADC_GetValue) for [Anonymous Symbol]
    adc_mcb1700.o(.ARM.exidx.text.ADC_GetResolution) refers to adc_mcb1700.o(.text.ADC_GetResolution) for [Anonymous Symbol]
    adc_mcb1700.o(.text.ADC_IRQHandler) refers to adc_mcb1700.o(.bss.AD_last) for AD_last
    adc_mcb1700.o(.text.ADC_IRQHandler) refers to adc_mcb1700.o(.bss.AD_done) for AD_done
    adc_mcb1700.o(.ARM.exidx.text.ADC_IRQHandler) refers to adc_mcb1700.o(.text.ADC_IRQHandler) for [Anonymous Symbol]
    joystick_mcb1700.o(.text.Joystick_Initialize) refers to gpio_lpc17xx.o(.text.GPIO_PortClock) for GPIO_PortClock
    joystick_mcb1700.o(.text.Joystick_Initialize) refers to joystick_mcb1700.o(.rodata.JOYSTICK_PIN) for JOYSTICK_PIN
    joystick_mcb1700.o(.text.Joystick_Initialize) refers to pin_lpc17xx.o(.text.PIN_Configure) for PIN_Configure
    joystick_mcb1700.o(.text.Joystick_Initialize) refers to gpio_lpc17xx.o(.text.GPIO_SetDir) for GPIO_SetDir
    joystick_mcb1700.o(.ARM.exidx.text.Joystick_Initialize) refers to joystick_mcb1700.o(.text.Joystick_Initialize) for [Anonymous Symbol]
    joystick_mcb1700.o(.text.Joystick_Uninitialize) refers to joystick_mcb1700.o(.rodata.JOYSTICK_PIN) for JOYSTICK_PIN
    joystick_mcb1700.o(.text.Joystick_Uninitialize) refers to pin_lpc17xx.o(.text.PIN_Configure) for PIN_Configure
    joystick_mcb1700.o(.ARM.exidx.text.Joystick_Uninitialize) refers to joystick_mcb1700.o(.text.Joystick_Uninitialize) for [Anonymous Symbol]
    joystick_mcb1700.o(.text.Joystick_GetState) refers to gpio_lpc17xx.o(.text.GPIO_PinRead) for GPIO_PinRead
    joystick_mcb1700.o(.ARM.exidx.text.Joystick_GetState) refers to joystick_mcb1700.o(.text.Joystick_GetState) for [Anonymous Symbol]
    led_mcb1700.o(.text.LED_Initialize) refers to gpio_lpc17xx.o(.text.GPIO_PortClock) for GPIO_PortClock
    led_mcb1700.o(.text.LED_Initialize) refers to led_mcb1700.o(.rodata.cst16) for LED_PIN
    led_mcb1700.o(.text.LED_Initialize) refers to pin_lpc17xx.o(.text.PIN_Configure) for PIN_Configure
    led_mcb1700.o(.text.LED_Initialize) refers to gpio_lpc17xx.o(.text.GPIO_SetDir) for GPIO_SetDir
    led_mcb1700.o(.text.LED_Initialize) refers to gpio_lpc17xx.o(.text.GPIO_PinWrite) for GPIO_PinWrite
    led_mcb1700.o(.ARM.exidx.text.LED_Initialize) refers to led_mcb1700.o(.text.LED_Initialize) for [Anonymous Symbol]
    led_mcb1700.o(.text.LED_Uninitialize) refers to led_mcb1700.o(.rodata.cst16) for LED_PIN
    led_mcb1700.o(.text.LED_Uninitialize) refers to pin_lpc17xx.o(.text.PIN_Configure) for PIN_Configure
    led_mcb1700.o(.ARM.exidx.text.LED_Uninitialize) refers to led_mcb1700.o(.text.LED_Uninitialize) for [Anonymous Symbol]
    led_mcb1700.o(.text.LED_On) refers to led_mcb1700.o(.rodata.cst16) for LED_PIN
    led_mcb1700.o(.text.LED_On) refers to gpio_lpc17xx.o(.text.GPIO_PinWrite) for GPIO_PinWrite
    led_mcb1700.o(.ARM.exidx.text.LED_On) refers to led_mcb1700.o(.text.LED_On) for [Anonymous Symbol]
    led_mcb1700.o(.text.LED_Off) refers to led_mcb1700.o(.rodata.cst16) for LED_PIN
    led_mcb1700.o(.text.LED_Off) refers to gpio_lpc17xx.o(.text.GPIO_PinWrite) for GPIO_PinWrite
    led_mcb1700.o(.ARM.exidx.text.LED_Off) refers to led_mcb1700.o(.text.LED_Off) for [Anonymous Symbol]
    led_mcb1700.o(.text.LED_SetOut) refers to led_mcb1700.o(.text.LED_Off) for LED_Off
    led_mcb1700.o(.text.LED_SetOut) refers to led_mcb1700.o(.text.LED_On) for LED_On
    led_mcb1700.o(.ARM.exidx.text.LED_SetOut) refers to led_mcb1700.o(.text.LED_SetOut) for [Anonymous Symbol]
    led_mcb1700.o(.ARM.exidx.text.LED_GetCount) refers to led_mcb1700.o(.text.LED_GetCount) for [Anonymous Symbol]
    retarget_io.o(.ARM.exidx.text.ITM_SendChar) refers to retarget_io.o(.text.ITM_SendChar) for [Anonymous Symbol]
    retarget_io.o(.text.ITM_ReceiveChar) refers to retarget_io.o(.data.ITM_RxBuffer) for ITM_RxBuffer
    retarget_io.o(.ARM.exidx.text.ITM_ReceiveChar) refers to retarget_io.o(.text.ITM_ReceiveChar) for [Anonymous Symbol]
    retarget_io.o(.text.fputc) refers to stdout.o(.data) for __stdout
    retarget_io.o(.text.fputc) refers to retarget_io.o(.text.stdout_putchar) for stdout_putchar
    retarget_io.o(.ARM.exidx.text.fputc) refers to retarget_io.o(.text.fputc) for [Anonymous Symbol]
    retarget_io.o(.text.stdout_putchar) refers to retarget_io.o(.text.ITM_SendChar) for ITM_SendChar
    retarget_io.o(.ARM.exidx.text.stdout_putchar) refers to retarget_io.o(.text.stdout_putchar) for [Anonymous Symbol]
    retarget_io.o(.ARM.exidx.text.fgetc) refers to retarget_io.o(.text.fgetc) for [Anonymous Symbol]
    retarget_io.o(.ARM.exidx.text.__backspace) refers to retarget_io.o(.text.__backspace) for [Anonymous Symbol]
    retarget_io.o(.text.__aeabi_assert) refers to stderr.o(.data) for __stderr
    retarget_io.o(.text.__aeabi_assert) refers to fwrite.o(i.fwrite) for fwrite
    retarget_io.o(.text.__aeabi_assert) refers to fputs.o(i.fputs) for fputs
    retarget_io.o(.text.__aeabi_assert) refers to retarget_io.o(.text.abort) for abort
    retarget_io.o(.ARM.exidx.text.__aeabi_assert) refers to retarget_io.o(.text.__aeabi_assert) for [Anonymous Symbol]
    retarget_io.o(.ARM.exidx.text.abort) refers to retarget_io.o(.text.abort) for [Anonymous Symbol]
    gpio_lpc17xx.o(.ARM.exidx.text.GPIO_PortClock) refers to gpio_lpc17xx.o(.text.GPIO_PortClock) for [Anonymous Symbol]
    gpio_lpc17xx.o(.ARM.exidx.text.GPIO_SetDir) refers to gpio_lpc17xx.o(.text.GPIO_SetDir) for [Anonymous Symbol]
    gpio_lpc17xx.o(.ARM.exidx.text.GPIO_PinWrite) refers to gpio_lpc17xx.o(.text.GPIO_PinWrite) for [Anonymous Symbol]
    gpio_lpc17xx.o(.ARM.exidx.text.GPIO_PinRead) refers to gpio_lpc17xx.o(.text.GPIO_PinRead) for [Anonymous Symbol]
    gpio_lpc17xx.o(.ARM.exidx.text.GPIO_PortWrite) refers to gpio_lpc17xx.o(.text.GPIO_PortWrite) for [Anonymous Symbol]
    gpio_lpc17xx.o(.ARM.exidx.text.GPIO_PortRead) refers to gpio_lpc17xx.o(.text.GPIO_PortRead) for [Anonymous Symbol]
    pin_lpc17xx.o(.ARM.exidx.text.PIN_Configure) refers to pin_lpc17xx.o(.text.PIN_Configure) for [Anonymous Symbol]
    pin_lpc17xx.o(.ARM.exidx.text.PIN_ConfigureTPIU) refers to pin_lpc17xx.o(.text.PIN_ConfigureTPIU) for [Anonymous Symbol]
    pin_lpc17xx.o(.ARM.exidx.text.PIN_ConfigureI2C0Pins) refers to pin_lpc17xx.o(.text.PIN_ConfigureI2C0Pins) for [Anonymous Symbol]
    startup_lpc17xx.o(RESET) refers to startup_lpc17xx.o(STACK) for __initial_sp
    startup_lpc17xx.o(RESET) refers to startup_lpc17xx.o(.text) for Reset_Handler
    startup_lpc17xx.o(RESET) refers to irq.o(.text.SysTick_Handler) for SysTick_Handler
    startup_lpc17xx.o(RESET) refers to adc_mcb1700.o(.text.ADC_IRQHandler) for ADC_IRQHandler
    startup_lpc17xx.o(.text) refers to system_lpc17xx.o(.text.SystemInit) for SystemInit
    startup_lpc17xx.o(.text) refers to entry.o(.ARM.Collect$$$$00000000) for __main
    system_lpc17xx.o(.text.SystemCoreClockUpdate) refers to uldiv.o(.text) for __aeabi_uldivmod
    system_lpc17xx.o(.text.SystemCoreClockUpdate) refers to system_lpc17xx.o(.data.SystemCoreClock) for SystemCoreClock
    system_lpc17xx.o(.ARM.exidx.text.SystemCoreClockUpdate) refers to system_lpc17xx.o(.text.SystemCoreClockUpdate) for [Anonymous Symbol]
    system_lpc17xx.o(.ARM.exidx.text.SystemInit) refers to system_lpc17xx.o(.text.SystemInit) for [Anonymous Symbol]
    entry.o(.ARM.Collect$$$$00000000) refers (Special) to entry10a.o(.ARM.Collect$$$$0000000D) for __rt_final_cpp
    entry.o(.ARM.Collect$$$$00000000) refers (Special) to entry11a.o(.ARM.Collect$$$$0000000F) for __rt_final_exit
    entry.o(.ARM.Collect$$$$00000000) refers (Special) to entry7b.o(.ARM.Collect$$$$00000008) for _main_clock
    entry.o(.ARM.Collect$$$$00000000) refers (Special) to entry8b.o(.ARM.Collect$$$$0000000A) for _main_cpp_init
    entry.o(.ARM.Collect$$$$00000000) refers (Special) to entry9a.o(.ARM.Collect$$$$0000000B) for _main_init
    entry.o(.ARM.Collect$$$$00000000) refers (Special) to entry5.o(.ARM.Collect$$$$00000004) for _main_scatterload
    entry.o(.ARM.Collect$$$$00000000) refers (Special) to entry2.o(.ARM.Collect$$$$00000001) for _main_stk
    fputs.o(i.fputs) refers to retarget_io.o(.text.fputc) for fputc
    puts.o(i.puts) refers to retarget_io.o(.text.fputc) for fputc
    puts.o(i.puts) refers to stdout.o(.data) for __stdout
    fwrite.o(i.fwrite) refers to retarget_io.o(.text.fputc) for fputc
    fputs_e.o(.text) refers to retarget_io.o(.text.fputc) for fputc
    puts_e.o(.text) refers to retarget_io.o(.text.fputc) for fputc
    puts_e.o(.text) refers to stdout.o(.data) for __stdout
    fwrite_e.o(.text) refers to retarget_io.o(.text.fputc) for fputc
    uldiv.o(.text) refers to llushr.o(.text) for __aeabi_llsr
    uldiv.o(.text) refers to llshl.o(.text) for __aeabi_llsl
    printfb.o(i.__0fprintf$bare) refers to printfb.o(i._printf_core) for _printf_core
    printfb.o(i.__0fprintf$bare) refers to retarget_io.o(.text.fputc) for fputc
    printfb.o(i.__0printf$bare) refers to printfb.o(i._printf_core) for _printf_core
    printfb.o(i.__0printf$bare) refers to retarget_io.o(.text.fputc) for fputc
    printfb.o(i.__0printf$bare) refers to stdout.o(.data) for __stdout
    printfb.o(i.__0snprintf$bare) refers to printfb.o(i._printf_core) for _printf_core
    printfb.o(i.__0snprintf$bare) refers to printfb.o(i._snputc) for _snputc
    printfb.o(i.__0sprintf$bare) refers to printfb.o(i._printf_core) for _printf_core
    printfb.o(i.__0sprintf$bare) refers to printfb.o(i._sputc) for _sputc
    printfb.o(i.__0vfprintf$bare) refers to printfb.o(i._printf_core) for _printf_core
    printfb.o(i.__0vfprintf$bare) refers to retarget_io.o(.text.fputc) for fputc
    printfb.o(i.__0vprintf$bare) refers to printfb.o(i._printf_core) for _printf_core
    printfb.o(i.__0vprintf$bare) refers to retarget_io.o(.text.fputc) for fputc
    printfb.o(i.__0vprintf$bare) refers to stdout.o(.data) for __stdout
    printfb.o(i.__0vsnprintf$bare) refers to printfb.o(i._printf_core) for _printf_core
    printfb.o(i.__0vsnprintf$bare) refers to printfb.o(i._snputc) for _snputc
    printfb.o(i.__0vsprintf$bare) refers to printfb.o(i._printf_core) for _printf_core
    printfb.o(i.__0vsprintf$bare) refers to printfb.o(i._sputc) for _sputc
    printf0.o(i.__0fprintf$0) refers to printf0.o(i._printf_core) for _printf_core
    printf0.o(i.__0fprintf$0) refers to retarget_io.o(.text.fputc) for fputc
    printf0.o(i.__0printf$0) refers to printf0.o(i._printf_core) for _printf_core
    printf0.o(i.__0printf$0) refers to retarget_io.o(.text.fputc) for fputc
    printf0.o(i.__0printf$0) refers to stdout.o(.data) for __stdout
    printf0.o(i.__0snprintf$0) refers to printf0.o(i._printf_core) for _printf_core
    printf0.o(i.__0snprintf$0) refers to printf0.o(i._snputc) for _snputc
    printf0.o(i.__0sprintf$0) refers to printf0.o(i._printf_core) for _printf_core
    printf0.o(i.__0sprintf$0) refers to printf0.o(i._sputc) for _sputc
    printf0.o(i.__0vfprintf$0) refers to printf0.o(i._printf_core) for _printf_core
    printf0.o(i.__0vfprintf$0) refers to retarget_io.o(.text.fputc) for fputc
    printf0.o(i.__0vprintf$0) refers to printf0.o(i._printf_core) for _printf_core
    printf0.o(i.__0vprintf$0) refers to retarget_io.o(.text.fputc) for fputc
    printf0.o(i.__0vprintf$0) refers to stdout.o(.data) for __stdout
    printf0.o(i.__0vsnprintf$0) refers to printf0.o(i._printf_core) for _printf_core
    printf0.o(i.__0vsnprintf$0) refers to printf0.o(i._snputc) for _snputc
    printf0.o(i.__0vsprintf$0) refers to printf0.o(i._printf_core) for _printf_core
    printf0.o(i.__0vsprintf$0) refers to printf0.o(i._sputc) for _sputc
    printf1.o(i.__0fprintf$1) refers to printf1.o(i._printf_core) for _printf_core
    printf1.o(i.__0fprintf$1) refers to retarget_io.o(.text.fputc) for fputc
    printf1.o(i.__0printf$1) refers to printf1.o(i._printf_core) for _printf_core
    printf1.o(i.__0printf$1) refers to retarget_io.o(.text.fputc) for fputc
    printf1.o(i.__0printf$1) refers to stdout.o(.data) for __stdout
    printf1.o(i.__0snprintf$1) refers to printf1.o(i._printf_core) for _printf_core
    printf1.o(i.__0snprintf$1) refers to printf1.o(i._snputc) for _snputc
    printf1.o(i.__0sprintf$1) refers to printf1.o(i._printf_core) for _printf_core
    printf1.o(i.__0sprintf$1) refers to printf1.o(i._sputc) for _sputc
    printf1.o(i.__0vfprintf$1) refers to printf1.o(i._printf_core) for _printf_core
    printf1.o(i.__0vfprintf$1) refers to retarget_io.o(.text.fputc) for fputc
    printf1.o(i.__0vprintf$1) refers to printf1.o(i._printf_core) for _printf_core
    printf1.o(i.__0vprintf$1) refers to retarget_io.o(.text.fputc) for fputc
    printf1.o(i.__0vprintf$1) refers to stdout.o(.data) for __stdout
    printf1.o(i.__0vsnprintf$1) refers to printf1.o(i._printf_core) for _printf_core
    printf1.o(i.__0vsnprintf$1) refers to printf1.o(i._snputc) for _snputc
    printf1.o(i.__0vsprintf$1) refers to printf1.o(i._printf_core) for _printf_core
    printf1.o(i.__0vsprintf$1) refers to printf1.o(i._sputc) for _sputc
    printf1.o(i._printf_core) refers to uidiv.o(.text) for __aeabi_uidivmod
    printf2.o(i.__0fprintf$2) refers to printf2.o(i._printf_core) for _printf_core
    printf2.o(i.__0fprintf$2) refers to retarget_io.o(.text.fputc) for fputc
    printf2.o(i.__0printf$2) refers to printf2.o(i._printf_core) for _printf_core
    printf2.o(i.__0printf$2) refers to retarget_io.o(.text.fputc) for fputc
    printf2.o(i.__0printf$2) refers to stdout.o(.data) for __stdout
    printf2.o(i.__0snprintf$2) refers to printf2.o(i._printf_core) for _printf_core
    printf2.o(i.__0snprintf$2) refers to printf2.o(i._snputc) for _snputc
    printf2.o(i.__0sprintf$2) refers to printf2.o(i._printf_core) for _printf_core
    printf2.o(i.__0sprintf$2) refers to printf2.o(i._sputc) for _sputc
    printf2.o(i.__0vfprintf$2) refers to printf2.o(i._printf_core) for _printf_core
    printf2.o(i.__0vfprintf$2) refers to retarget_io.o(.text.fputc) for fputc
    printf2.o(i.__0vprintf$2) refers to printf2.o(i._printf_core) for _printf_core
    printf2.o(i.__0vprintf$2) refers to retarget_io.o(.text.fputc) for fputc
    printf2.o(i.__0vprintf$2) refers to stdout.o(.data) for __stdout
    printf2.o(i.__0vsnprintf$2) refers to printf2.o(i._printf_core) for _printf_core
    printf2.o(i.__0vsnprintf$2) refers to printf2.o(i._snputc) for _snputc
    printf2.o(i.__0vsprintf$2) refers to printf2.o(i._printf_core) for _printf_core
    printf2.o(i.__0vsprintf$2) refers to printf2.o(i._sputc) for _sputc
    printf3.o(i.__0fprintf$3) refers to printf3.o(i._printf_core) for _printf_core
    printf3.o(i.__0fprintf$3) refers to retarget_io.o(.text.fputc) for fputc
    printf3.o(i.__0printf$3) refers to printf3.o(i._printf_core) for _printf_core
    printf3.o(i.__0printf$3) refers to retarget_io.o(.text.fputc) for fputc
    printf3.o(i.__0printf$3) refers to stdout.o(.data) for __stdout
    printf3.o(i.__0snprintf$3) refers to printf3.o(i._printf_core) for _printf_core
    printf3.o(i.__0snprintf$3) refers to printf3.o(i._snputc) for _snputc
    printf3.o(i.__0sprintf$3) refers to printf3.o(i._printf_core) for _printf_core
    printf3.o(i.__0sprintf$3) refers to printf3.o(i._sputc) for _sputc
    printf3.o(i.__0vfprintf$3) refers to printf3.o(i._printf_core) for _printf_core
    printf3.o(i.__0vfprintf$3) refers to retarget_io.o(.text.fputc) for fputc
    printf3.o(i.__0vprintf$3) refers to printf3.o(i._printf_core) for _printf_core
    printf3.o(i.__0vprintf$3) refers to retarget_io.o(.text.fputc) for fputc
    printf3.o(i.__0vprintf$3) refers to stdout.o(.data) for __stdout
    printf3.o(i.__0vsnprintf$3) refers to printf3.o(i._printf_core) for _printf_core
    printf3.o(i.__0vsnprintf$3) refers to printf3.o(i._snputc) for _snputc
    printf3.o(i.__0vsprintf$3) refers to printf3.o(i._printf_core) for _printf_core
    printf3.o(i.__0vsprintf$3) refers to printf3.o(i._sputc) for _sputc
    printf3.o(i._printf_core) refers to uidiv.o(.text) for __aeabi_uidivmod
    printf4.o(i.__0fprintf$4) refers to printf4.o(i._printf_core) for _printf_core
    printf4.o(i.__0fprintf$4) refers to retarget_io.o(.text.fputc) for fputc
    printf4.o(i.__0printf$4) refers to printf4.o(i._printf_core) for _printf_core
    printf4.o(i.__0printf$4) refers to retarget_io.o(.text.fputc) for fputc
    printf4.o(i.__0printf$4) refers to stdout.o(.data) for __stdout
    printf4.o(i.__0snprintf$4) refers to printf4.o(i._printf_core) for _printf_core
    printf4.o(i.__0snprintf$4) refers to printf4.o(i._snputc) for _snputc
    printf4.o(i.__0sprintf$4) refers to printf4.o(i._printf_core) for _printf_core
    printf4.o(i.__0sprintf$4) refers to printf4.o(i._sputc) for _sputc
    printf4.o(i.__0vfprintf$4) refers to printf4.o(i._printf_core) for _printf_core
    printf4.o(i.__0vfprintf$4) refers to retarget_io.o(.text.fputc) for fputc
    printf4.o(i.__0vprintf$4) refers to printf4.o(i._printf_core) for _printf_core
    printf4.o(i.__0vprintf$4) refers to retarget_io.o(.text.fputc) for fputc
    printf4.o(i.__0vprintf$4) refers to stdout.o(.data) for __stdout
    printf4.o(i.__0vsnprintf$4) refers to printf4.o(i._printf_core) for _printf_core
    printf4.o(i.__0vsnprintf$4) refers to printf4.o(i._snputc) for _snputc
    printf4.o(i.__0vsprintf$4) refers to printf4.o(i._printf_core) for _printf_core
    printf4.o(i.__0vsprintf$4) refers to printf4.o(i._sputc) for _sputc
    printf4.o(i._printf_core) refers to uldiv.o(.text) for __aeabi_uldivmod
    printf5.o(i.__0fprintf$5) refers to printf5.o(i._printf_core) for _printf_core
    printf5.o(i.__0fprintf$5) refers to retarget_io.o(.text.fputc) for fputc
    printf5.o(i.__0printf$5) refers to printf5.o(i._printf_core) for _printf_core
    printf5.o(i.__0printf$5) refers to retarget_io.o(.text.fputc) for fputc
    printf5.o(i.__0printf$5) refers to stdout.o(.data) for __stdout
    printf5.o(i.__0snprintf$5) refers to printf5.o(i._printf_core) for _printf_core
    printf5.o(i.__0snprintf$5) refers to printf5.o(i._snputc) for _snputc
    printf5.o(i.__0sprintf$5) refers to printf5.o(i._printf_core) for _printf_core
    printf5.o(i.__0sprintf$5) refers to printf5.o(i._sputc) for _sputc
    printf5.o(i.__0vfprintf$5) refers to printf5.o(i._printf_core) for _printf_core
    printf5.o(i.__0vfprintf$5) refers to retarget_io.o(.text.fputc) for fputc
    printf5.o(i.__0vprintf$5) refers to printf5.o(i._printf_core) for _printf_core
    printf5.o(i.__0vprintf$5) refers to retarget_io.o(.text.fputc) for fputc
    printf5.o(i.__0vprintf$5) refers to stdout.o(.data) for __stdout
    printf5.o(i.__0vsnprintf$5) refers to printf5.o(i._printf_core) for _printf_core
    printf5.o(i.__0vsnprintf$5) refers to printf5.o(i._snputc) for _snputc
    printf5.o(i.__0vsprintf$5) refers to printf5.o(i._printf_core) for _printf_core
    printf5.o(i.__0vsprintf$5) refers to printf5.o(i._sputc) for _sputc
    printf5.o(i._printf_core) refers to uldiv.o(.text) for __aeabi_uldivmod
    printf6.o(i.__0fprintf$6) refers to printf6.o(i._printf_core) for _printf_core
    printf6.o(i.__0fprintf$6) refers to retarget_io.o(.text.fputc) for fputc
    printf6.o(i.__0printf$6) refers to printf6.o(i._printf_core) for _printf_core
    printf6.o(i.__0printf$6) refers to retarget_io.o(.text.fputc) for fputc
    printf6.o(i.__0printf$6) refers to stdout.o(.data) for __stdout
    printf6.o(i.__0snprintf$6) refers to printf6.o(i._printf_core) for _printf_core
    printf6.o(i.__0snprintf$6) refers to printf6.o(i._snputc) for _snputc
    printf6.o(i.__0sprintf$6) refers to printf6.o(i._printf_core) for _printf_core
    printf6.o(i.__0sprintf$6) refers to printf6.o(i._sputc) for _sputc
    printf6.o(i.__0vfprintf$6) refers to printf6.o(i._printf_core) for _printf_core
    printf6.o(i.__0vfprintf$6) refers to retarget_io.o(.text.fputc) for fputc
    printf6.o(i.__0vprintf$6) refers to printf6.o(i._printf_core) for _printf_core
    printf6.o(i.__0vprintf$6) refers to retarget_io.o(.text.fputc) for fputc
    printf6.o(i.__0vprintf$6) refers to stdout.o(.data) for __stdout
    printf6.o(i.__0vsnprintf$6) refers to printf6.o(i._printf_core) for _printf_core
    printf6.o(i.__0vsnprintf$6) refers to printf6.o(i._snputc) for _snputc
    printf6.o(i.__0vsprintf$6) refers to printf6.o(i._printf_core) for _printf_core
    printf6.o(i.__0vsprintf$6) refers to printf6.o(i._sputc) for _sputc
    printf6.o(i._printf_core) refers to printf6.o(i._printf_pre_padding) for _printf_pre_padding
    printf6.o(i._printf_core) refers to uidiv.o(.text) for __aeabi_uidivmod
    printf6.o(i._printf_core) refers to printf6.o(i._printf_post_padding) for _printf_post_padding
    printf7.o(i.__0fprintf$7) refers to printf7.o(i._printf_core) for _printf_core
    printf7.o(i.__0fprintf$7) refers to retarget_io.o(.text.fputc) for fputc
    printf7.o(i.__0printf$7) refers to printf7.o(i._printf_core) for _printf_core
    printf7.o(i.__0printf$7) refers to retarget_io.o(.text.fputc) for fputc
    printf7.o(i.__0printf$7) refers to stdout.o(.data) for __stdout
    printf7.o(i.__0snprintf$7) refers to printf7.o(i._printf_core) for _printf_core
    printf7.o(i.__0snprintf$7) refers to printf7.o(i._snputc) for _snputc
    printf7.o(i.__0sprintf$7) refers to printf7.o(i._printf_core) for _printf_core
    printf7.o(i.__0sprintf$7) refers to printf7.o(i._sputc) for _sputc
    printf7.o(i.__0vfprintf$7) refers to printf7.o(i._printf_core) for _printf_core
    printf7.o(i.__0vfprintf$7) refers to retarget_io.o(.text.fputc) for fputc
    printf7.o(i.__0vprintf$7) refers to printf7.o(i._printf_core) for _printf_core
    printf7.o(i.__0vprintf$7) refers to retarget_io.o(.text.fputc) for fputc
    printf7.o(i.__0vprintf$7) refers to stdout.o(.data) for __stdout
    printf7.o(i.__0vsnprintf$7) refers to printf7.o(i._printf_core) for _printf_core
    printf7.o(i.__0vsnprintf$7) refers to printf7.o(i._snputc) for _snputc
    printf7.o(i.__0vsprintf$7) refers to printf7.o(i._printf_core) for _printf_core
    printf7.o(i.__0vsprintf$7) refers to printf7.o(i._sputc) for _sputc
    printf7.o(i._printf_core) refers to printf7.o(i._printf_pre_padding) for _printf_pre_padding
    printf7.o(i._printf_core) refers to uldiv.o(.text) for __aeabi_uldivmod
    printf7.o(i._printf_core) refers to printf7.o(i._printf_post_padding) for _printf_post_padding
    printf8.o(i.__0fprintf$8) refers to printf8.o(i._printf_core) for _printf_core
    printf8.o(i.__0fprintf$8) refers to retarget_io.o(.text.fputc) for fputc
    printf8.o(i.__0printf$8) refers to printf8.o(i._printf_core) for _printf_core
    printf8.o(i.__0printf$8) refers to retarget_io.o(.text.fputc) for fputc
    printf8.o(i.__0printf$8) refers to stdout.o(.data) for __stdout
    printf8.o(i.__0snprintf$8) refers to printf8.o(i._printf_core) for _printf_core
    printf8.o(i.__0snprintf$8) refers to printf8.o(i._snputc) for _snputc
    printf8.o(i.__0sprintf$8) refers to printf8.o(i._printf_core) for _printf_core
    printf8.o(i.__0sprintf$8) refers to printf8.o(i._sputc) for _sputc
    printf8.o(i.__0vfprintf$8) refers to printf8.o(i._printf_core) for _printf_core
    printf8.o(i.__0vfprintf$8) refers to retarget_io.o(.text.fputc) for fputc
    printf8.o(i.__0vprintf$8) refers to printf8.o(i._printf_core) for _printf_core
    printf8.o(i.__0vprintf$8) refers to retarget_io.o(.text.fputc) for fputc
    printf8.o(i.__0vprintf$8) refers to stdout.o(.data) for __stdout
    printf8.o(i.__0vsnprintf$8) refers to printf8.o(i._printf_core) for _printf_core
    printf8.o(i.__0vsnprintf$8) refers to printf8.o(i._snputc) for _snputc
    printf8.o(i.__0vsprintf$8) refers to printf8.o(i._printf_core) for _printf_core
    printf8.o(i.__0vsprintf$8) refers to printf8.o(i._sputc) for _sputc
    printf8.o(i._printf_core) refers to printf8.o(i._printf_pre_padding) for _printf_pre_padding
    printf8.o(i._printf_core) refers to uldiv.o(.text) for __aeabi_uldivmod
    printf8.o(i._printf_core) refers to printf8.o(i._printf_post_padding) for _printf_post_padding
    printfa.o(i.__0fprintf) refers (Special) to iusefp.o(.text) for __I$use$fp
    printfa.o(i.__0fprintf) refers to printfa.o(i._printf_core) for _printf_core
    printfa.o(i.__0fprintf) refers to retarget_io.o(.text.fputc) for fputc
    printfa.o(i.__0printf) refers (Special) to iusefp.o(.text) for __I$use$fp
    printfa.o(i.__0printf) refers to printfa.o(i._printf_core) for _printf_core
    printfa.o(i.__0printf) refers to retarget_io.o(.text.fputc) for fputc
    printfa.o(i.__0printf) refers to stdout.o(.data) for __stdout
    printfa.o(i.__0snprintf) refers (Special) to iusefp.o(.text) for __I$use$fp
    printfa.o(i.__0snprintf) refers to printfa.o(i._printf_core) for _printf_core
    printfa.o(i.__0snprintf) refers to printfa.o(i._snputc) for _snputc
    printfa.o(i.__0sprintf) refers (Special) to iusefp.o(.text) for __I$use$fp
    printfa.o(i.__0sprintf) refers to printfa.o(i._printf_core) for _printf_core
    printfa.o(i.__0sprintf) refers to printfa.o(i._sputc) for _sputc
    printfa.o(i.__0vfprintf) refers (Special) to iusefp.o(.text) for __I$use$fp
    printfa.o(i.__0vfprintf) refers to printfa.o(i._printf_core) for _printf_core
    printfa.o(i.__0vfprintf) refers to retarget_io.o(.text.fputc) for fputc
    printfa.o(i.__0vprintf) refers (Special) to iusefp.o(.text) for __I$use$fp
    printfa.o(i.__0vprintf) refers to printfa.o(i._printf_core) for _printf_core
    printfa.o(i.__0vprintf) refers to retarget_io.o(.text.fputc) for fputc
    printfa.o(i.__0vprintf) refers to stdout.o(.data) for __stdout
    printfa.o(i.__0vsnprintf) refers (Special) to iusefp.o(.text) for __I$use$fp
    printfa.o(i.__0vsnprintf) refers to printfa.o(i._printf_core) for _printf_core
    printfa.o(i.__0vsnprintf) refers to printfa.o(i._snputc) for _snputc
    printfa.o(i.__0vsprintf) refers (Special) to iusefp.o(.text) for __I$use$fp
    printfa.o(i.__0vsprintf) refers to printfa.o(i._printf_core) for _printf_core
    printfa.o(i.__0vsprintf) refers to printfa.o(i._sputc) for _sputc
    printfa.o(i._fp_digits) refers (Special) to iusefp.o(.text) for __I$use$fp
    printfa.o(i._fp_digits) refers to dmul.o(.text) for __aeabi_dmul
    printfa.o(i._fp_digits) refers to ddiv.o(.text) for __aeabi_ddiv
    printfa.o(i._fp_digits) refers to cdrcmple.o(.text) for __aeabi_cdrcmple
    printfa.o(i._fp_digits) refers to dadd.o(.text) for __aeabi_dadd
    printfa.o(i._fp_digits) refers to dfixul.o(.text) for __aeabi_d2ulz
    printfa.o(i._fp_digits) refers to uldiv.o(.text) for __aeabi_uldivmod
    printfa.o(i._printf_core) refers (Special) to iusefp.o(.text) for __I$use$fp
    printfa.o(i._printf_core) refers to printfa.o(i._printf_pre_padding) for _printf_pre_padding
    printfa.o(i._printf_core) refers to uldiv.o(.text) for __aeabi_uldivmod
    printfa.o(i._printf_core) refers to printfa.o(i._printf_post_padding) for _printf_post_padding
    printfa.o(i._printf_core) refers to printfa.o(i._fp_digits) for _fp_digits
    printfa.o(i._printf_core) refers to uidiv.o(.text) for __aeabi_uidivmod
    printfa.o(i._printf_post_padding) refers (Special) to iusefp.o(.text) for __I$use$fp
    printfa.o(i._printf_pre_padding) refers (Special) to iusefp.o(.text) for __I$use$fp
    printfa.o(i._snputc) refers (Special) to iusefp.o(.text) for __I$use$fp
    printfa.o(i._sputc) refers (Special) to iusefp.o(.text) for __I$use$fp
    entry2.o(.ARM.Collect$$$$00000001) refers to entry2.o(.ARM.Collect$$$$00002712) for __lit__00000000
    entry2.o(.ARM.Collect$$$$00002712) refers to startup_lpc17xx.o(STACK) for __initial_sp
    entry2.o(__vectab_stack_and_reset_area) refers to startup_lpc17xx.o(STACK) for __initial_sp
    entry2.o(__vectab_stack_and_reset_area) refers to entry.o(.ARM.Collect$$$$00000000) for __main
    entry5.o(.ARM.Collect$$$$00000004) refers to init.o(.text) for __scatterload
    entry9a.o(.ARM.Collect$$$$0000000B) refers to blinky.o(.text.main) for main
    entry9b.o(.ARM.Collect$$$$0000000C) refers to blinky.o(.text.main) for main
    dadd.o(.text) refers (Special) to iusefp.o(.text) for __I$use$fp
    dadd.o(.text) refers to llshl.o(.text) for __aeabi_llsl
    dadd.o(.text) refers to llsshr.o(.text) for __aeabi_lasr
    dadd.o(.text) refers to depilogue.o(.text) for _double_epilogue
    dmul.o(.text) refers (Special) to iusefp.o(.text) for __I$use$fp
    dmul.o(.text) refers to depilogue.o(.text) for _double_epilogue
    ddiv.o(.text) refers (Special) to iusefp.o(.text) for __I$use$fp
    ddiv.o(.text) refers to depilogue.o(.text) for _double_round
    dfixul.o(.text) refers (Special) to iusefp.o(.text) for __I$use$fp
    dfixul.o(.text) refers to llushr.o(.text) for __aeabi_llsr
    dfixul.o(.text) refers to llshl.o(.text) for __aeabi_llsl
    cdrcmple.o(.text) refers (Special) to iusefp.o(.text) for __I$use$fp
    init.o(.text) refers to entry5.o(.ARM.Collect$$$$00000004) for __main_after_scatterload
    depilogue.o(.text) refers (Special) to iusefp.o(.text) for __I$use$fp
    depilogue.o(.text) refers to llshl.o(.text) for __aeabi_llsl
    depilogue.o(.text) refers to llushr.o(.text) for __aeabi_llsr


==============================================================================

Removing Unused input sections from the image.

    Removing blinky.o(.text), (0 bytes).
    Removing blinky.o(.ARM.exidx.text.main), (8 bytes).
    Removing blinky.o(.ARM.exidx.text.SysTick_Config), (8 bytes).
    Removing blinky.o(.ARM.exidx.text.__NVIC_SetPriority), (8 bytes).
    Removing blinky.o(.ARM.use_no_argv), (4 bytes).
    Removing irq.o(.text), (0 bytes).
    Removing irq.o(.ARM.exidx.text.SysTick_Handler), (8 bytes).
    Removing adc_mcb1700.o(.text), (0 bytes).
    Removing adc_mcb1700.o(.ARM.exidx.text.ADC_Initialize), (8 bytes).
    Removing adc_mcb1700.o(.ARM.exidx.text.__NVIC_EnableIRQ), (8 bytes).
    Removing adc_mcb1700.o(.text.ADC_Uninitialize), (66 bytes).
    Removing adc_mcb1700.o(.ARM.exidx.text.ADC_Uninitialize), (8 bytes).
    Removing adc_mcb1700.o(.text.__NVIC_DisableIRQ), (24 bytes).
    Removing adc_mcb1700.o(.ARM.exidx.text.__NVIC_DisableIRQ), (8 bytes).
    Removing adc_mcb1700.o(.ARM.exidx.text.ADC_StartConversion), (8 bytes).
    Removing adc_mcb1700.o(.text.ADC_ConversionDone), (22 bytes).
    Removing adc_mcb1700.o(.ARM.exidx.text.ADC_ConversionDone), (8 bytes).
    Removing adc_mcb1700.o(.text.ADC_GetValue), (36 bytes).
    Removing adc_mcb1700.o(.ARM.exidx.text.ADC_GetValue), (8 bytes).
    Removing adc_mcb1700.o(.text.ADC_GetResolution), (4 bytes).
    Removing adc_mcb1700.o(.ARM.exidx.text.ADC_GetResolution), (8 bytes).
    Removing adc_mcb1700.o(.ARM.exidx.text.ADC_IRQHandler), (8 bytes).
    Removing joystick_mcb1700.o(.text), (0 bytes).
    Removing joystick_mcb1700.o(.ARM.exidx.text.Joystick_Initialize), (8 bytes).
    Removing joystick_mcb1700.o(.text.Joystick_Uninitialize), (48 bytes).
    Removing joystick_mcb1700.o(.ARM.exidx.text.Joystick_Uninitialize), (8 bytes).
    Removing joystick_mcb1700.o(.ARM.exidx.text.Joystick_GetState), (8 bytes).
    Removing led_mcb1700.o(.text), (0 bytes).
    Removing led_mcb1700.o(.ARM.exidx.text.LED_Initialize), (8 bytes).
    Removing led_mcb1700.o(.text.LED_Uninitialize), (48 bytes).
    Removing led_mcb1700.o(.ARM.exidx.text.LED_Uninitialize), (8 bytes).
    Removing led_mcb1700.o(.ARM.exidx.text.LED_On), (8 bytes).
    Removing led_mcb1700.o(.ARM.exidx.text.LED_Off), (8 bytes).
    Removing led_mcb1700.o(.ARM.exidx.text.LED_SetOut), (8 bytes).
    Removing led_mcb1700.o(.ARM.exidx.text.LED_GetCount), (8 bytes).
    Removing retarget_io.o(.text), (0 bytes).
    Removing retarget_io.o(.ARM.exidx.text.ITM_SendChar), (8 bytes).
    Removing retarget_io.o(.text.ITM_ReceiveChar), (32 bytes).
    Removing retarget_io.o(.ARM.exidx.text.ITM_ReceiveChar), (8 bytes).
    Removing retarget_io.o(.ARM.exidx.text.fputc), (8 bytes).
    Removing retarget_io.o(.ARM.exidx.text.stdout_putchar), (8 bytes).
    Removing retarget_io.o(.text.fgetc), (6 bytes).
    Removing retarget_io.o(.ARM.exidx.text.fgetc), (8 bytes).
    Removing retarget_io.o(.text.__backspace), (6 bytes).
    Removing retarget_io.o(.ARM.exidx.text.__backspace), (8 bytes).
    Removing retarget_io.o(.text.__aeabi_assert), (180 bytes).
    Removing retarget_io.o(.ARM.exidx.text.__aeabi_assert), (8 bytes).
    Removing retarget_io.o(.text.abort), (2 bytes).
    Removing retarget_io.o(.ARM.exidx.text.abort), (8 bytes).
    Removing retarget_io.o(.data.ITM_RxBuffer), (4 bytes).
    Removing gpio_lpc17xx.o(.text), (0 bytes).
    Removing gpio_lpc17xx.o(.ARM.exidx.text.GPIO_PortClock), (8 bytes).
    Removing gpio_lpc17xx.o(.ARM.exidx.text.GPIO_SetDir), (8 bytes).
    Removing gpio_lpc17xx.o(.ARM.exidx.text.GPIO_PinWrite), (8 bytes).
    Removing gpio_lpc17xx.o(.ARM.exidx.text.GPIO_PinRead), (8 bytes).
    Removing gpio_lpc17xx.o(.text.GPIO_PortWrite), (26 bytes).
    Removing gpio_lpc17xx.o(.ARM.exidx.text.GPIO_PortWrite), (8 bytes).
    Removing gpio_lpc17xx.o(.text.GPIO_PortRead), (14 bytes).
    Removing gpio_lpc17xx.o(.ARM.exidx.text.GPIO_PortRead), (8 bytes).
    Removing pin_lpc17xx.o(.text), (0 bytes).
    Removing pin_lpc17xx.o(.ARM.exidx.text.PIN_Configure), (8 bytes).
    Removing pin_lpc17xx.o(.text.PIN_ConfigureTPIU), (24 bytes).
    Removing pin_lpc17xx.o(.ARM.exidx.text.PIN_ConfigureTPIU), (8 bytes).
    Removing pin_lpc17xx.o(.text.PIN_ConfigureI2C0Pins), (30 bytes).
    Removing pin_lpc17xx.o(.ARM.exidx.text.PIN_ConfigureI2C0Pins), (8 bytes).
    Removing startup_lpc17xx.o(HEAP), (0 bytes).
    Removing system_lpc17xx.o(.text), (0 bytes).
    Removing system_lpc17xx.o(.ARM.exidx.text.SystemCoreClockUpdate), (8 bytes).
    Removing system_lpc17xx.o(.ARM.exidx.text.SystemInit), (8 bytes).
    Removing dadd.o(.text), (334 bytes).
    Removing dmul.o(.text), (228 bytes).
    Removing ddiv.o(.text), (222 bytes).
    Removing dfixul.o(.text), (48 bytes).
    Removing cdrcmple.o(.text), (48 bytes).
    Removing depilogue.o(.text), (186 bytes).

75 unused section(s) (total 1970 bytes) removed from the image.

==============================================================================

Image Symbol Table

    Local Symbols

    Symbol Name                              Value     Ov Type        Size  Object(Section)

    ../clib/division.s                       0x00000000   Number         0  aeabi_sdiv.o ABSOLUTE
    ../clib/microlib/division.c              0x00000000   Number         0  uldiv.o ABSOLUTE
    ../clib/microlib/division.c              0x00000000   Number         0  uidiv.o ABSOLUTE
    ../clib/microlib/init/entry.s            0x00000000   Number         0  entry.o ABSOLUTE
    ../clib/microlib/init/entry.s            0x00000000   Number         0  entry2.o ABSOLUTE
    ../clib/microlib/init/entry.s            0x00000000   Number         0  entry5.o ABSOLUTE
    ../clib/microlib/init/entry.s            0x00000000   Number         0  entry7a.o ABSOLUTE
    ../clib/microlib/init/entry.s            0x00000000   Number         0  entry7b.o ABSOLUTE
    ../clib/microlib/init/entry.s            0x00000000   Number         0  entry8a.o ABSOLUTE
    ../clib/microlib/init/entry.s            0x00000000   Number         0  entry8b.o ABSOLUTE
    ../clib/microlib/init/entry.s            0x00000000   Number         0  entry9a.o ABSOLUTE
    ../clib/microlib/init/entry.s            0x00000000   Number         0  entry9b.o ABSOLUTE
    ../clib/microlib/init/entry.s            0x00000000   Number         0  entry10a.o ABSOLUTE
    ../clib/microlib/init/entry.s            0x00000000   Number         0  entry10b.o ABSOLUTE
    ../clib/microlib/init/entry.s            0x00000000   Number         0  entry11a.o ABSOLUTE
    ../clib/microlib/init/entry.s            0x00000000   Number         0  entry11b.o ABSOLUTE
    ../clib/microlib/longlong.c              0x00000000   Number         0  llshl.o ABSOLUTE
    ../clib/microlib/longlong.c              0x00000000   Number         0  llushr.o ABSOLUTE
    ../clib/microlib/longlong.c              0x00000000   Number         0  llsshr.o ABSOLUTE
    ../clib/microlib/printf/printf.c         0x00000000   Number         0  printfb.o ABSOLUTE
    ../clib/microlib/printf/printf.c         0x00000000   Number         0  printf0.o ABSOLUTE
    ../clib/microlib/printf/printf.c         0x00000000   Number         0  printf1.o ABSOLUTE
    ../clib/microlib/printf/printf.c         0x00000000   Number         0  printf2.o ABSOLUTE
    ../clib/microlib/printf/printf.c         0x00000000   Number         0  printf3.o ABSOLUTE
    ../clib/microlib/printf/printf.c         0x00000000   Number         0  printf4.o ABSOLUTE
    ../clib/microlib/printf/printf.c         0x00000000   Number         0  printf5.o ABSOLUTE
    ../clib/microlib/printf/printf.c         0x00000000   Number         0  printf6.o ABSOLUTE
    ../clib/microlib/printf/printf.c         0x00000000   Number         0  printf7.o ABSOLUTE
    ../clib/microlib/printf/printf.c         0x00000000   Number         0  printf8.o ABSOLUTE
    ../clib/microlib/printf/printf.c         0x00000000   Number         0  printfa.o ABSOLUTE
    ../clib/microlib/printf/stubs.s          0x00000000   Number         0  printfstubs.o ABSOLUTE
    ../clib/microlib/stdio/fputs.c           0x00000000   Number         0  fputs.o ABSOLUTE
    ../clib/microlib/stdio/fputs.c           0x00000000   Number         0  fputs_e.o ABSOLUTE
    ../clib/microlib/stdio/fwrite.c          0x00000000   Number         0  fwrite.o ABSOLUTE
    ../clib/microlib/stdio/fwrite.c          0x00000000   Number         0  fwrite_e.o ABSOLUTE
    ../clib/microlib/stdio/puts.c            0x00000000   Number         0  puts.o ABSOLUTE
    ../clib/microlib/stdio/puts.c            0x00000000   Number         0  puts_e.o ABSOLUTE
    ../clib/microlib/stdio/streams.c         0x00000000   Number         0  stdout.o ABSOLUTE
    ../clib/microlib/stdio/streams.c         0x00000000   Number         0  stderr.o ABSOLUTE
    ../clib/microlib/stubs.s                 0x00000000   Number         0  iusefp.o ABSOLUTE
    ../fplib/microlib/fpadd.c                0x00000000   Number         0  dadd.o ABSOLUTE
    ../fplib/microlib/fpdiv.c                0x00000000   Number         0  ddiv.o ABSOLUTE
    ../fplib/microlib/fpepilogue.c           0x00000000   Number         0  depilogue.o ABSOLUTE
    ../fplib/microlib/fpfix.c                0x00000000   Number         0  dfixul.o ABSOLUTE
    ../fplib/microlib/fpmul.c                0x00000000   Number         0  dmul.o ABSOLUTE
    ADC_MCB1700.c                            0x00000000   Number         0  adc_mcb1700.o ABSOLUTE
    Blinky.c                                 0x00000000   Number         0  blinky.o ABSOLUTE
    GPIO_LPC17xx.c                           0x00000000   Number         0  gpio_lpc17xx.o ABSOLUTE
    IRQ.c                                    0x00000000   Number         0  irq.o ABSOLUTE
    Joystick_MCB1700.c                       0x00000000   Number         0  joystick_mcb1700.o ABSOLUTE
    LED_MCB1700.c                            0x00000000   Number         0  led_mcb1700.o ABSOLUTE
    PIN_LPC17xx.c                            0x00000000   Number         0  pin_lpc17xx.o ABSOLUTE
    RTE/Device/LPC1768/startup_LPC17xx.s     0x00000000   Number         0  startup_lpc17xx.o ABSOLUTE
    cdrcmple.s                               0x00000000   Number         0  cdrcmple.o ABSOLUTE
    dc.s                                     0x00000000   Number         0  dc.o ABSOLUTE
    handlers.s                               0x00000000   Number         0  handlers.o ABSOLUTE
    init.s                                   0x00000000   Number         0  init.o ABSOLUTE
    retarget_io.c                            0x00000000   Number         0  retarget_io.o ABSOLUTE
    system_LPC17xx.c                         0x00000000   Number         0  system_lpc17xx.o ABSOLUTE
    RESET                                    0x00000000   Section      204  startup_lpc17xx.o(RESET)
    .ARM.Collect$$$$00000000                 0x000000cc   Section        0  entry.o(.ARM.Collect$$$$00000000)
    .ARM.Collect$$$$00000001                 0x000000cc   Section        4  entry2.o(.ARM.Collect$$$$00000001)
    .ARM.Collect$$$$00000004                 0x000000d0   Section        4  entry5.o(.ARM.Collect$$$$00000004)
    .ARM.Collect$$$$00000008                 0x000000d4   Section        0  entry7b.o(.ARM.Collect$$$$00000008)
    .ARM.Collect$$$$0000000A                 0x000000d4   Section        0  entry8b.o(.ARM.Collect$$$$0000000A)
    .ARM.Collect$$$$0000000B                 0x000000d4   Section        8  entry9a.o(.ARM.Collect$$$$0000000B)
    __lit__00000000                          0x000000dc   Data           4  entry2.o(.ARM.Collect$$$$00002712)
    .ARM.Collect$$$$0000000D                 0x000000dc   Section        0  entry10a.o(.ARM.Collect$$$$0000000D)
    .ARM.Collect$$$$0000000F                 0x000000dc   Section        0  entry11a.o(.ARM.Collect$$$$0000000F)
    .ARM.Collect$$$$00002712                 0x000000dc   Section        4  entry2.o(.ARM.Collect$$$$00002712)
    .text                                    0x000000e0   Section       36  startup_lpc17xx.o(.text)
    .text                                    0x00000104   Section        0  uldiv.o(.text)
    .text                                    0x00000166   Section        0  uidiv.o(.text)
    .text                                    0x00000192   Section        0  llshl.o(.text)
    .text                                    0x000001b0   Section        0  llushr.o(.text)
    .text                                    0x000001d0   Section       36  init.o(.text)
    [Anonymous Symbol]                       0x000001f4   Section        0  adc_mcb1700.o(.text.ADC_IRQHandler)
    [Anonymous Symbol]                       0x00000224   Section        0  adc_mcb1700.o(.text.ADC_Initialize)
    [Anonymous Symbol]                       0x00000270   Section        0  adc_mcb1700.o(.text.ADC_StartConversion)
    [Anonymous Symbol]                       0x0000028c   Section        0  gpio_lpc17xx.o(.text.GPIO_PinRead)
    [Anonymous Symbol]                       0x000002a0   Section        0  gpio_lpc17xx.o(.text.GPIO_PinWrite)
    [Anonymous Symbol]                       0x000002bc   Section        0  gpio_lpc17xx.o(.text.GPIO_PortClock)
    [Anonymous Symbol]                       0x000002d8   Section        0  gpio_lpc17xx.o(.text.GPIO_SetDir)
    i.__scatterload_null                     0x000002fa   Section        2  handlers.o(i.__scatterload_null)
    .ARM.__at_0x02FC                         0x000002fc   Section        4  startup_lpc17xx.o(.ARM.__at_0x02FC)
    [Anonymous Symbol]                       0x00000300   Section        0  retarget_io.o(.text.ITM_SendChar)
    [Anonymous Symbol]                       0x00000330   Section        0  joystick_mcb1700.o(.text.Joystick_GetState)
    [Anonymous Symbol]                       0x0000038c   Section        0  joystick_mcb1700.o(.text.Joystick_Initialize)
    [Anonymous Symbol]                       0x000003dc   Section        0  led_mcb1700.o(.text.LED_GetCount)
    [Anonymous Symbol]                       0x000003e0   Section        0  led_mcb1700.o(.text.LED_Initialize)
    [Anonymous Symbol]                       0x00000438   Section        0  led_mcb1700.o(.text.LED_Off)
    [Anonymous Symbol]                       0x00000464   Section        0  led_mcb1700.o(.text.LED_On)
    [Anonymous Symbol]                       0x0000048c   Section        0  led_mcb1700.o(.text.LED_SetOut)
    [Anonymous Symbol]                       0x000004b4   Section        0  pin_lpc17xx.o(.text.PIN_Configure)
    SysTick_Config                           0x00000529   Thumb Code    36  blinky.o(.text.SysTick_Config)
    [Anonymous Symbol]                       0x00000528   Section        0  blinky.o(.text.SysTick_Config)
    [Anonymous Symbol]                       0x0000054c   Section        0  irq.o(.text.SysTick_Handler)
    [Anonymous Symbol]                       0x000005bc   Section        0  system_lpc17xx.o(.text.SystemCoreClockUpdate)
    [Anonymous Symbol]                       0x000006b4   Section        0  system_lpc17xx.o(.text.SystemInit)
    __NVIC_EnableIRQ                         0x00000781   Thumb Code    16  adc_mcb1700.o(.text.__NVIC_EnableIRQ)
    [Anonymous Symbol]                       0x00000780   Section        0  adc_mcb1700.o(.text.__NVIC_EnableIRQ)
    __NVIC_SetPriority                       0x00000791   Thumb Code    14  blinky.o(.text.__NVIC_SetPriority)
    [Anonymous Symbol]                       0x00000790   Section        0  blinky.o(.text.__NVIC_SetPriority)
    [Anonymous Symbol]                       0x000007a0   Section        0  retarget_io.o(.text.fputc)
    [Anonymous Symbol]                       0x000007bc   Section        0  blinky.o(.text.main)
    stdout_putchar                           0x00000875   Thumb Code     8  retarget_io.o(.text.stdout_putchar)
    [Anonymous Symbol]                       0x00000874   Section        0  retarget_io.o(.text.stdout_putchar)
    i.__0printf$1                            0x0000087c   Section        0  printf1.o(i.__0printf$1)
    i.__scatterload_copy                     0x0000089c   Section       14  handlers.o(i.__scatterload_copy)
    i.__scatterload_zeroinit                 0x000008aa   Section       14  handlers.o(i.__scatterload_zeroinit)
    _printf_core                             0x000008b9   Thumb Code   336  printf1.o(i._printf_core)
    i._printf_core                           0x000008b8   Section        0  printf1.o(i._printf_core)
    i.puts                                   0x00000a0c   Section        0  puts.o(i.puts)
    .Lswitch.table.main                      0x00000a30   Data          92  blinky.o(.rodata..Lswitch.table.main)
    JOYSTICK_PIN                             0x00000a8c   Data          10  joystick_mcb1700.o(.rodata.JOYSTICK_PIN)
    [Anonymous Symbol]                       0x00000a8c   Section        0  joystick_mcb1700.o(.rodata.JOYSTICK_PIN)
    LED_PIN                                  0x00000a96   Data          16  led_mcb1700.o(.rodata.cst16)
    [Anonymous Symbol]                       0x00000a96   Section        0  led_mcb1700.o(.rodata.cst16)
    [Anonymous Symbol]                       0x00000aa6   Section        0  blinky.o(.rodata.str1.1)
    .Lstr.37                                 0x00000b3c   Data          68  blinky.o(.rodata.str1.1)
    .data                                    0x10000000   Section        4  stdout.o(.data)
    SysTick_Handler.leds                     0x10000004   Data           4  irq.o(.data.SysTick_Handler.leds)
    [Anonymous Symbol]                       0x10000004   Section        0  irq.o(.data.SysTick_Handler.leds)
    AD_done                                  0x10000012   Data           1  adc_mcb1700.o(.bss.AD_done)
    [Anonymous Symbol]                       0x10000012   Section        0  adc_mcb1700.o(.bss.AD_done)
    AD_last                                  0x10000014   Data           2  adc_mcb1700.o(.bss.AD_last)
    [Anonymous Symbol]                       0x10000014   Section        0  adc_mcb1700.o(.bss.AD_last)
    SysTick_Handler.ticks                    0x10000018   Data           4  irq.o(.bss.SysTick_Handler.ticks)
    [Anonymous Symbol]                       0x10000018   Section        0  irq.o(.bss.SysTick_Handler.ticks)
    SysTick_Handler.timetick                 0x1000001c   Data           4  irq.o(.bss.SysTick_Handler.timetick)
    [Anonymous Symbol]                       0x1000001c   Section        0  irq.o(.bss.SysTick_Handler.timetick)
    STACK                                    0x10000028   Section      512  startup_lpc17xx.o(STACK)

    Global Symbols

    Symbol Name                              Value     Ov Type        Size  Object(Section)

    BuildAttributes$$THM_ISAv4$P$D$K$B$S$PE$A:L22UL41UL21$X:L11$S22US41US21$IEEE1$IW$~IW$USESV6$~STKCKD$USESV7$~SHL$OTIME$ROPI$EBA8$MICROLIB$REQ8$PRES8$EABIv2 0x00000000   Number         0  anon$$obj.o ABSOLUTE
    __Vectors                                0x00000000   Data           4  startup_lpc17xx.o(RESET)
    _printf_a                                0x00000000   Number         0  printfstubs.o ABSOLUTE
    _printf_c                                0x00000000   Number         0  printfstubs.o ABSOLUTE
    _printf_charcount                        0x00000000   Number         0  printfstubs.o ABSOLUTE
    _printf_d                                0x00000000   Number         0  printfstubs.o ABSOLUTE
    _printf_e                                0x00000000   Number         0  printfstubs.o ABSOLUTE
    _printf_f                                0x00000000   Number         0  printfstubs.o ABSOLUTE
    _printf_flags                            0x00000000   Number         0  printfstubs.o ABSOLUTE
    _printf_fp_dec                           0x00000000   Number         0  printfstubs.o ABSOLUTE
    _printf_fp_hex                           0x00000000   Number         0  printfstubs.o ABSOLUTE
    _printf_g                                0x00000000   Number         0  printfstubs.o ABSOLUTE
    _printf_i                                0x00000000   Number         0  printfstubs.o ABSOLUTE
    _printf_int_dec                          0x00000000   Number         0  printfstubs.o ABSOLUTE
    _printf_l                                0x00000000   Number         0  printfstubs.o ABSOLUTE
    _printf_lc                               0x00000000   Number         0  printfstubs.o ABSOLUTE
    _printf_ll                               0x00000000   Number         0  printfstubs.o ABSOLUTE
    _printf_lld                              0x00000000   Number         0  printfstubs.o ABSOLUTE
    _printf_lli                              0x00000000   Number         0  printfstubs.o ABSOLUTE
    _printf_llo                              0x00000000   Number         0  printfstubs.o ABSOLUTE
    _printf_llu                              0x00000000   Number         0  printfstubs.o ABSOLUTE
    _printf_llx                              0x00000000   Number         0  printfstubs.o ABSOLUTE
    _printf_longlong_dec                     0x00000000   Number         0  printfstubs.o ABSOLUTE
    _printf_longlong_hex                     0x00000000   Number         0  printfstubs.o ABSOLUTE
    _printf_longlong_oct                     0x00000000   Number         0  printfstubs.o ABSOLUTE
    _printf_ls                               0x00000000   Number         0  printfstubs.o ABSOLUTE
    _printf_mbtowc                           0x00000000   Number         0  printfstubs.o ABSOLUTE
    _printf_n                                0x00000000   Number         0  printfstubs.o ABSOLUTE
    _printf_o                                0x00000000   Number         0  printfstubs.o ABSOLUTE
    _printf_p                                0x00000000   Number         0  printfstubs.o ABSOLUTE
    _printf_percent                          0x00000000   Number         0  printfstubs.o ABSOLUTE
    _printf_pre_padding                      0x00000000   Number         0  printfstubs.o ABSOLUTE
    _printf_return_value                     0x00000000   Number         0  printfstubs.o ABSOLUTE
    _printf_s                                0x00000000   Number         0  printfstubs.o ABSOLUTE
    _printf_sizespec                         0x00000000   Number         0  printfstubs.o ABSOLUTE
    _printf_str                              0x00000000   Number         0  printfstubs.o ABSOLUTE
    _printf_truncate_signed                  0x00000000   Number         0  printfstubs.o ABSOLUTE
    _printf_truncate_unsigned                0x00000000   Number         0  printfstubs.o ABSOLUTE
    _printf_u                                0x00000000   Number         0  printfstubs.o ABSOLUTE
    _printf_wc                               0x00000000   Number         0  printfstubs.o ABSOLUTE
    _printf_wctomb                           0x00000000   Number         0  printfstubs.o ABSOLUTE
    _printf_widthprec                        0x00000000   Number         0  printfstubs.o ABSOLUTE
    _printf_x                                0x00000000   Number         0  printfstubs.o ABSOLUTE
    __cpp_initialize__aeabi_                  - Undefined Weak Reference
    __cxa_finalize                            - Undefined Weak Reference
    __decompress                              - Undefined Weak Reference
    _clock_init                               - Undefined Weak Reference
    _microlib_exit                            - Undefined Weak Reference
    __main                                   0x000000cd   Thumb Code     0  entry.o(.ARM.Collect$$$$00000000)
    _main_stk                                0x000000cd   Thumb Code     0  entry2.o(.ARM.Collect$$$$00000001)
    _main_scatterload                        0x000000d1   Thumb Code     0  entry5.o(.ARM.Collect$$$$00000004)
    __main_after_scatterload                 0x000000d5   Thumb Code     0  entry5.o(.ARM.Collect$$$$00000004)
    _main_clock                              0x000000d5   Thumb Code     0  entry7b.o(.ARM.Collect$$$$00000008)
    _main_cpp_init                           0x000000d5   Thumb Code     0  entry8b.o(.ARM.Collect$$$$0000000A)
    _main_init                               0x000000d5   Thumb Code     0  entry9a.o(.ARM.Collect$$$$0000000B)
    __rt_final_cpp                           0x000000dd   Thumb Code     0  entry10a.o(.ARM.Collect$$$$0000000D)
    __rt_final_exit                          0x000000dd   Thumb Code     0  entry11a.o(.ARM.Collect$$$$0000000F)
    Reset_Handler                            0x000000e1   Thumb Code     8  startup_lpc17xx.o(.text)
    NMI_Handler                              0x000000e9   Thumb Code     2  startup_lpc17xx.o(.text)
    HardFault_Handler                        0x000000eb   Thumb Code     2  startup_lpc17xx.o(.text)
    MemManage_Handler                        0x000000ed   Thumb Code     2  startup_lpc17xx.o(.text)
    BusFault_Handler                         0x000000ef   Thumb Code     2  startup_lpc17xx.o(.text)
    UsageFault_Handler                       0x000000f1   Thumb Code     2  startup_lpc17xx.o(.text)
    SVC_Handler                              0x000000f3   Thumb Code     2  startup_lpc17xx.o(.text)
    DebugMon_Handler                         0x000000f5   Thumb Code     2  startup_lpc17xx.o(.text)
    PendSV_Handler                           0x000000f7   Thumb Code     2  startup_lpc17xx.o(.text)
    BOD_IRQHandler                           0x000000fb   Thumb Code     0  startup_lpc17xx.o(.text)
    CANActivity_IRQHandler                   0x000000fb   Thumb Code     0  startup_lpc17xx.o(.text)
    CAN_IRQHandler                           0x000000fb   Thumb Code     0  startup_lpc17xx.o(.text)
    DMA_IRQHandler                           0x000000fb   Thumb Code     0  startup_lpc17xx.o(.text)
    EINT0_IRQHandler                         0x000000fb   Thumb Code     0  startup_lpc17xx.o(.text)
    EINT1_IRQHandler                         0x000000fb   Thumb Code     0  startup_lpc17xx.o(.text)
    EINT2_IRQHandler                         0x000000fb   Thumb Code     0  startup_lpc17xx.o(.text)
    EINT3_IRQHandler                         0x000000fb   Thumb Code     0  startup_lpc17xx.o(.text)
    ENET_IRQHandler                          0x000000fb   Thumb Code     0  startup_lpc17xx.o(.text)
    I2C0_IRQHandler                          0x000000fb   Thumb Code     0  startup_lpc17xx.o(.text)
    I2C1_IRQHandler                          0x000000fb   Thumb Code     0  startup_lpc17xx.o(.text)
    I2C2_IRQHandler                          0x000000fb   Thumb Code     0  startup_lpc17xx.o(.text)
    I2S_IRQHandler                           0x000000fb   Thumb Code     0  startup_lpc17xx.o(.text)
    MCPWM_IRQHandler                         0x000000fb   Thumb Code     0  startup_lpc17xx.o(.text)
    PLL0_IRQHandler                          0x000000fb   Thumb Code     0  startup_lpc17xx.o(.text)
    PLL1_IRQHandler                          0x000000fb   Thumb Code     0  startup_lpc17xx.o(.text)
    PWM1_IRQHandler                          0x000000fb   Thumb Code     0  startup_lpc17xx.o(.text)
    QEI_IRQHandler                           0x000000fb   Thumb Code     0  startup_lpc17xx.o(.text)
    RIT_IRQHandler                           0x000000fb   Thumb Code     0  startup_lpc17xx.o(.text)
    RTC_IRQHandler                           0x000000fb   Thumb Code     0  startup_lpc17xx.o(.text)
    SPI_IRQHandler                           0x000000fb   Thumb Code     0  startup_lpc17xx.o(.text)
    SSP0_IRQHandler                          0x000000fb   Thumb Code     0  startup_lpc17xx.o(.text)
    SSP1_IRQHandler                          0x000000fb   Thumb Code     0  startup_lpc17xx.o(.text)
    TIMER0_IRQHandler                        0x000000fb   Thumb Code     0  startup_lpc17xx.o(.text)
    TIMER1_IRQHandler                        0x000000fb   Thumb Code     0  startup_lpc17xx.o(.text)
    TIMER2_IRQHandler                        0x000000fb   Thumb Code     0  startup_lpc17xx.o(.text)
    TIMER3_IRQHandler                        0x000000fb   Thumb Code     0  startup_lpc17xx.o(.text)
    UART0_IRQHandler                         0x000000fb   Thumb Code     0  startup_lpc17xx.o(.text)
    UART1_IRQHandler                         0x000000fb   Thumb Code     0  startup_lpc17xx.o(.text)
    UART2_IRQHandler                         0x000000fb   Thumb Code     0  startup_lpc17xx.o(.text)
    UART3_IRQHandler                         0x000000fb   Thumb Code     0  startup_lpc17xx.o(.text)
    USBActivity_IRQHandler                   0x000000fb   Thumb Code     0  startup_lpc17xx.o(.text)
    USB_IRQHandler                           0x000000fb   Thumb Code     0  startup_lpc17xx.o(.text)
    WDT_IRQHandler                           0x000000fb   Thumb Code     0  startup_lpc17xx.o(.text)
    __aeabi_uldivmod                         0x00000105   Thumb Code    98  uldiv.o(.text)
    __aeabi_uidiv                            0x00000167   Thumb Code     0  uidiv.o(.text)
    __aeabi_uidivmod                         0x00000167   Thumb Code    44  uidiv.o(.text)
    __aeabi_llsl                             0x00000193   Thumb Code    30  llshl.o(.text)
    _ll_shift_l                              0x00000193   Thumb Code     0  llshl.o(.text)
    __aeabi_llsr                             0x000001b1   Thumb Code    32  llushr.o(.text)
    _ll_ushift_r                             0x000001b1   Thumb Code     0  llushr.o(.text)
    __scatterload                            0x000001d1   Thumb Code    28  init.o(.text)
    __scatterload_rt2                        0x000001d1   Thumb Code     0  init.o(.text)
    ADC_IRQHandler                           0x000001f5   Thumb Code    46  adc_mcb1700.o(.text.ADC_IRQHandler)
    ADC_Initialize                           0x00000225   Thumb Code    74  adc_mcb1700.o(.text.ADC_Initialize)
    ADC_StartConversion                      0x00000271   Thumb Code    28  adc_mcb1700.o(.text.ADC_StartConversion)
    GPIO_PinRead                             0x0000028d   Thumb Code    20  gpio_lpc17xx.o(.text.GPIO_PinRead)
    GPIO_PinWrite                            0x000002a1   Thumb Code    28  gpio_lpc17xx.o(.text.GPIO_PinWrite)
    GPIO_PortClock                           0x000002bd   Thumb Code    26  gpio_lpc17xx.o(.text.GPIO_PortClock)
    GPIO_SetDir                              0x000002d9   Thumb Code    34  gpio_lpc17xx.o(.text.GPIO_SetDir)
    __scatterload_null                       0x000002fb   Thumb Code     2  handlers.o(i.__scatterload_null)
    ITM_SendChar                             0x00000301   Thumb Code    46  retarget_io.o(.text.ITM_SendChar)
    Joystick_GetState                        0x00000331   Thumb Code    92  joystick_mcb1700.o(.text.Joystick_GetState)
    Joystick_Initialize                      0x0000038d   Thumb Code    78  joystick_mcb1700.o(.text.Joystick_Initialize)
    LED_GetCount                             0x000003dd   Thumb Code     4  led_mcb1700.o(.text.LED_GetCount)
    LED_Initialize                           0x000003e1   Thumb Code    88  led_mcb1700.o(.text.LED_Initialize)
    LED_Off                                  0x00000439   Thumb Code    44  led_mcb1700.o(.text.LED_Off)
    LED_On                                   0x00000465   Thumb Code    40  led_mcb1700.o(.text.LED_On)
    LED_SetOut                               0x0000048d   Thumb Code    40  led_mcb1700.o(.text.LED_SetOut)
    PIN_Configure                            0x000004b5   Thumb Code   116  pin_lpc17xx.o(.text.PIN_Configure)
    SysTick_Handler                          0x0000054d   Thumb Code   112  irq.o(.text.SysTick_Handler)
    SystemCoreClockUpdate                    0x000005bd   Thumb Code   248  system_lpc17xx.o(.text.SystemCoreClockUpdate)
    SystemInit                               0x000006b5   Thumb Code   204  system_lpc17xx.o(.text.SystemInit)
    fputc                                    0x000007a1   Thumb Code    26  retarget_io.o(.text.fputc)
    main                                     0x000007bd   Thumb Code   152  blinky.o(.text.main)
    __0printf$1                              0x0000087d   Thumb Code    22  printf1.o(i.__0printf$1)
    __1printf$1                              0x0000087d   Thumb Code     0  printf1.o(i.__0printf$1)
    __2printf                                0x0000087d   Thumb Code     0  printf1.o(i.__0printf$1)
    __scatterload_copy                       0x0000089d   Thumb Code    14  handlers.o(i.__scatterload_copy)
    __scatterload_zeroinit                   0x000008ab   Thumb Code    14  handlers.o(i.__scatterload_zeroinit)
    puts                                     0x00000a0d   Thumb Code    30  puts.o(i.puts)
    Region$$Table$$Base                      0x00000dd4   Number         0  anon$$obj.o(Region$$Table)
    Region$$Table$$Limit                     0x00000df4   Number         0  anon$$obj.o(Region$$Table)
    __stdout                                 0x10000000   Data           4  stdout.o(.data)
    SystemCoreClock                          0x10000008   Data           4  system_lpc17xx.o(.data.SystemCoreClock)
    ADC_last                                 0x10000010   Data           2  blinky.o(.bss.ADC_last)
    clock_1s                                 0x10000020   Data           1  irq.o(.bss.clock_1s)
    __initial_sp                             0x10000228   Data           0  startup_lpc17xx.o(STACK)



==============================================================================

Memory Map of the image

  Image Entry point : 0x000000cd

  Load Region LR_IROM1 (Base: 0x00000000, Size: 0x00000e08, Max: 0x00080000, ABSOLUTE)

    Execution Region ER_IROM1 (Exec base: 0x00000000, Load base: 0x00000000, Size: 0x00000df4, Max: 0x00080000, ABSOLUTE)

    Exec Addr    Load Addr    Size         Type   Attr      Idx    E Section Name        Object

    0x00000000   0x00000000   0x000000cc   Data   RO          155    RESET               startup_lpc17xx.o
    0x000000cc   0x000000cc   0x00000000   Code   RO          177  * .ARM.Collect$$$$00000000  mc_w.l(entry.o)
    0x000000cc   0x000000cc   0x00000004   Code   RO          457    .ARM.Collect$$$$00000001  mc_w.l(entry2.o)
    0x000000d0   0x000000d0   0x00000004   Code   RO          460    .ARM.Collect$$$$00000004  mc_w.l(entry5.o)
    0x000000d4   0x000000d4   0x00000000   Code   RO          462    .ARM.Collect$$$$00000008  mc_w.l(entry7b.o)
    0x000000d4   0x000000d4   0x00000000   Code   RO          464    .ARM.Collect$$$$0000000A  mc_w.l(entry8b.o)
    0x000000d4   0x000000d4   0x00000008   Code   RO          465    .ARM.Collect$$$$0000000B  mc_w.l(entry9a.o)
    0x000000dc   0x000000dc   0x00000000   Code   RO          467    .ARM.Collect$$$$0000000D  mc_w.l(entry10a.o)
    0x000000dc   0x000000dc   0x00000000   Code   RO          469    .ARM.Collect$$$$0000000F  mc_w.l(entry11a.o)
    0x000000dc   0x000000dc   0x00000004   Code   RO          458    .ARM.Collect$$$$00002712  mc_w.l(entry2.o)
    0x000000e0   0x000000e0   0x00000024   Code   RO          157    .text               startup_lpc17xx.o
    0x00000104   0x00000104   0x00000062   Code   RO          194    .text               mc_w.l(uldiv.o)
    0x00000166   0x00000166   0x0000002c   Code   RO          480    .text               mc_w.l(uidiv.o)
    0x00000192   0x00000192   0x0000001e   Code   RO          482    .text               mc_w.l(llshl.o)
    0x000001b0   0x000001b0   0x00000020   Code   RO          484    .text               mc_w.l(llushr.o)
    0x000001d0   0x000001d0   0x00000024   Code   RO          497    .text               mc_w.l(init.o)
    0x000001f4   0x000001f4   0x0000002e   Code   RO           48    .text.ADC_IRQHandler  adc_mcb1700.o
    0x00000222   0x00000222   0x00000002   PAD
    0x00000224   0x00000224   0x0000004a   Code   RO           32    .text.ADC_Initialize  adc_mcb1700.o
    0x0000026e   0x0000026e   0x00000002   PAD
    0x00000270   0x00000270   0x0000001c   Code   RO           40    .text.ADC_StartConversion  adc_mcb1700.o
    0x0000028c   0x0000028c   0x00000014   Code   RO          126    .text.GPIO_PinRead  gpio_lpc17xx.o
    0x000002a0   0x000002a0   0x0000001c   Code   RO          124    .text.GPIO_PinWrite  gpio_lpc17xx.o
    0x000002bc   0x000002bc   0x0000001a   Code   RO          120    .text.GPIO_PortClock  gpio_lpc17xx.o
    0x000002d6   0x000002d6   0x00000002   PAD
    0x000002d8   0x000002d8   0x00000022   Code   RO          122    .text.GPIO_SetDir   gpio_lpc17xx.o
    0x000002fa   0x000002fa   0x00000002   Code   RO          506    i.__scatterload_null  mc_w.l(handlers.o)
    0x000002fc   0x000002fc   0x00000004   Code   RO          156    .ARM.__at_0x02FC    startup_lpc17xx.o
    0x00000300   0x00000300   0x0000002e   Code   RO           95    .text.ITM_SendChar  retarget_io.o
    0x0000032e   0x0000032e   0x00000002   PAD
    0x00000330   0x00000330   0x0000005c   Code   RO           63    .text.Joystick_GetState  joystick_mcb1700.o
    0x0000038c   0x0000038c   0x0000004e   Code   RO           59    .text.Joystick_Initialize  joystick_mcb1700.o
    0x000003da   0x000003da   0x00000002   PAD
    0x000003dc   0x000003dc   0x00000004   Code   RO           84    .text.LED_GetCount  led_mcb1700.o
    0x000003e0   0x000003e0   0x00000058   Code   RO           74    .text.LED_Initialize  led_mcb1700.o
    0x00000438   0x00000438   0x0000002c   Code   RO           80    .text.LED_Off       led_mcb1700.o
    0x00000464   0x00000464   0x00000028   Code   RO           78    .text.LED_On        led_mcb1700.o
    0x0000048c   0x0000048c   0x00000028   Code   RO           82    .text.LED_SetOut    led_mcb1700.o
    0x000004b4   0x000004b4   0x00000074   Code   RO          140    .text.PIN_Configure  pin_lpc17xx.o
    0x00000528   0x00000528   0x00000024   Code   RO            4    .text.SysTick_Config  blinky.o
    0x0000054c   0x0000054c   0x00000070   Code   RO           20    .text.SysTick_Handler  irq.o
    0x000005bc   0x000005bc   0x000000f8   Code   RO          166    .text.SystemCoreClockUpdate  system_lpc17xx.o
    0x000006b4   0x000006b4   0x000000cc   Code   RO          168    .text.SystemInit    system_lpc17xx.o
    0x00000780   0x00000780   0x00000010   Code   RO           34    .text.__NVIC_EnableIRQ  adc_mcb1700.o
    0x00000790   0x00000790   0x0000000e   Code   RO            6    .text.__NVIC_SetPriority  blinky.o
    0x0000079e   0x0000079e   0x00000002   PAD
    0x000007a0   0x000007a0   0x0000001a   Code   RO           99    .text.fputc         retarget_io.o
    0x000007ba   0x000007ba   0x00000002   PAD
    0x000007bc   0x000007bc   0x000000b8   Code   RO            2    .text.main          blinky.o
    0x00000874   0x00000874   0x00000008   Code   RO          101    .text.stdout_putchar  retarget_io.o
    0x0000087c   0x0000087c   0x00000020   Code   RO          241    i.__0printf$1       mc_w.l(printf1.o)
    0x0000089c   0x0000089c   0x0000000e   Code   RO          505    i.__scatterload_copy  mc_w.l(handlers.o)
    0x000008aa   0x000008aa   0x0000000e   Code   RO          507    i.__scatterload_zeroinit  mc_w.l(handlers.o)
    0x000008b8   0x000008b8   0x00000154   Code   RO          248    i._printf_core      mc_w.l(printf1.o)
    0x00000a0c   0x00000a0c   0x00000024   Code   RO          182    i.puts              mc_w.l(puts.o)
    0x00000a30   0x00000a30   0x0000005c   Data   RO           10    .rodata..Lswitch.table.main  blinky.o
    0x00000a8c   0x00000a8c   0x0000000a   Data   RO           65    .rodata.JOYSTICK_PIN  joystick_mcb1700.o
    0x00000a96   0x00000a96   0x00000010   Data   RO           86    .rodata.cst16       led_mcb1700.o
    0x00000aa6   0x00000aa6   0x0000032c   Data   RO            9    .rodata.str1.1      blinky.o
    0x00000dd2   0x00000dd2   0x00000002   PAD
    0x00000dd4   0x00000dd4   0x00000020   Data   RO          504    Region$$Table       anon$$obj.o


    Execution Region RW_IRAM1 (Exec base: 0x10000000, Load base: 0x00000df8, Size: 0x00000228, Max: 0x00008000, ABSOLUTE)

    Exec Addr    Load Addr    Size         Type   Attr      Idx    E Section Name        Object

    0x10000000   0x00000df8   0x00000004   Data   RW          192    .data               mc_w.l(stdout.o)
    0x10000004   0x00000dfc   0x00000004   Data   RW           24    .data.SysTick_Handler.leds  irq.o
    0x10000008   0x00000e00   0x00000004   Data   RW          170    .data.SystemCoreClock  system_lpc17xx.o
    0x1000000c   0x00000e04   0x00000004   PAD
    0x10000010        -       0x00000002   Zero   RW            8    .bss.ADC_last       blinky.o
    0x10000012        -       0x00000001   Zero   RW           50    .bss.AD_done        adc_mcb1700.o
    0x10000013   0x00000e04   0x00000001   PAD
    0x10000014        -       0x00000002   Zero   RW           51    .bss.AD_last        adc_mcb1700.o
    0x10000016   0x00000e04   0x00000002   PAD
    0x10000018        -       0x00000004   Zero   RW           22    .bss.SysTick_Handler.ticks  irq.o
    0x1000001c        -       0x00000004   Zero   RW           23    .bss.SysTick_Handler.timetick  irq.o
    0x10000020        -       0x00000001   Zero   RW           25    .bss.clock_1s       irq.o
    0x10000021   0x00000e04   0x00000007   PAD
    0x10000028        -       0x00000200   Zero   RW          153    STACK               startup_lpc17xx.o


==============================================================================

Image component sizes


      Code (inc. data)   RO Data    RW Data    ZI Data      Debug   Object Name

       164          0          0          0          3       4793   adc_mcb1700.o
       234         32        904          0          2       5923   blinky.o
       108          0          0          0          0       4054   gpio_lpc17xx.o
       112          0          0          4          9        744   irq.o
       170          0         10          0          0       1598   joystick_mcb1700.o
       216          0         16          0          0       2202   led_mcb1700.o
       116          0          0          0          0       2550   pin_lpc17xx.o
        80          0          0          0          0       2682   retarget_io.o
        40         12        204          0        512       1084   startup_lpc17xx.o
       452          8          0          4          0       2162   system_lpc17xx.o

    ----------------------------------------------------------------------
      1706         52       1168          8        540      27792   Object Totals
         0          0         32          0          0          0   (incl. Generated)
        14          0          2          0         14          0   (incl. Padding)

    ----------------------------------------------------------------------

      Code (inc. data)   RO Data    RW Data    ZI Data      Debug   Library Member Name

         0          0          0          0          0          0   entry.o
         0          0          0          0          0          0   entry10a.o
         0          0          0          0          0          0   entry11a.o
         8          4          0          0          0          0   entry2.o
         4          0          0          0          0          0   entry5.o
         0          0          0          0          0          0   entry7b.o
         0          0          0          0          0          0   entry8b.o
         8          4          0          0          0          0   entry9a.o
        30          0          0          0          0          0   handlers.o
        36          8          0          0          0         68   init.o
        30          0          0          0          0         68   llshl.o
        32          0          0          0          0         68   llushr.o
       372         14          0          0          0        184   printf1.o
        36          6          0          0          0         80   puts.o
         0          0          0          4          0          0   stdout.o
        44          0          0          0          0         80   uidiv.o
        98          0          0          0          0         92   uldiv.o

    ----------------------------------------------------------------------
       698         36          0          4          0        640   Library Totals
         0          0          0          0          0          0   (incl. Padding)

    ----------------------------------------------------------------------

      Code (inc. data)   RO Data    RW Data    ZI Data      Debug   Library Name

       698         36          0          4          0        640   mc_w.l

    ----------------------------------------------------------------------
       698         36          0          4          0        640   Library Totals

    ----------------------------------------------------------------------

==============================================================================


      Code (inc. data)   RO Data    RW Data    ZI Data      Debug   

      2404         88       1168         12        540      28164   Grand Totals
      2404         88       1168         12        540      28164   ELF Image Totals
      2404         88       1168         12          0          0   ROM Totals

==============================================================================

    Total RO  Size (Code + RO Data)                 3572 (   3.49kB)
    Total RW  Size (RW Data + ZI Data)               552 (   0.54kB)
    Total ROM Size (Code + RO Data + RW Data)       3584 (   3.50kB)

==============================================================================

